exports[`Test charity info componenet renders correctly 1`] = `
<div
  className="charity_container">
  <h2>
    Charity Name
  </h2>
  <p>
    Charity description
  </p>
  <img
    alt="logo of charity name"
    src="logo-url" />
</div>
`;
