exports[`Test charity info componenet renders correctly 1`] = `
<div
  className="content_container">
  <div
    className="panel hoverable"
    onClick={[Function]}>
    <p
      className="paneltextlarge">
      British Heart Foundation
    </p>
  </div>
  <div
    className="panel hoverable"
    onClick={[Function]}>
    <p
      className="paneltextlarge">
      Cancer Research UK
    </p>
  </div>
  <div
    className="panel hoverable"
    onClick={[Function]}>
    <p
      className="paneltextlarge">
      Macmillan Cancer Support
    </p>
  </div>
  <div
    className="panel hoverable"
    onClick={[Function]}>
    <p
      className="paneltextlarge">
      Oxfam
    </p>
  </div>
  <div
    className="panel hoverable"
    onClick={[Function]}>
    <p
      className="paneltextlarge">
      National Trust
    </p>
  </div>
  <div
    className="panel hoverable"
    onClick={[Function]}>
    <p
      className="paneltextlarge">
      Save the Children
    </p>
  </div>
</div>
`;
