exports[`Test donation info componenet Matches snapshop correctly 1`] = `
<div
  className="content_container">
  <div
    className="panel">
    <div
      className="donorinfo">
      <img
        alt="donor profile picture"
        className="donorimage"
        src="http://image.jpeg" />
      <p
        className="paneltextlarge">
        Â£
        5
      </p>
    </div>
    <p
      className="paneltext donormessage">
      hello
    </p>
  </div>
</div>
`;
